  console.log
    [DB] SQLite initialised at C:\Users\Yash Srivastava\OneDrive\Desktop\Manah\manah-backend\data\manah.db

      at log (src/config/db.js:122:13)

  console.log
    [WS] WebSocket server attached to HTTP server

      at log (src/websocket/wsChat.js:184:11)

  console.log
    [CRON] Summarisation job scheduled (every 10 minutes)

      at log (src/jobs/summarizationJob.js:39:11)

  console.log
    [DB] SQLite initialised at C:\Users\Yash Srivastava\OneDrive\Desktop\Manah\manah-backend\data\manah.db

      at log (src/config/db.js:122:13)

node.exe : (node:28844) ExperimentalWarning: 
SQLite is an experimental feature and might 
change at any time
At line:1 char:1
+ & "C:\Program Files\nodejs/node.exe" 
"C:\Users\Yash Srivastava\AppDat ...
+ ~~~~~~~~~~~~~~~~~~~~~~~~~~~~~~~~~~~~~~~~~~~~
~~~~~~~~~~~~~~~~~~~~~~~~~
    + CategoryInfo          : NotSpecified: ( 
   (node:28844) Ex...nge at any time:String)  
   [], RemoteException
    + FullyQualifiedErrorId : NativeCommandEr 
   ror
 
(Use `node --trace-warnings ...` to show 
where the warning was created)
[0mPOST /api/auth/signup [32m201[0m 178.487 ms - 458[0m
[0mPOST /api/auth/signup [33m400[0m 1.037 ms - 43[0m
[0mPOST /api/auth/signup [33m400[0m 0.703 ms - 50[0m
[0mPOST /api/auth/signup [32m201[0m 116.544 ms - 452[0m
[0mPOST /api/auth/signup [33m409[0m 0.733 ms - 53[0m
[0mPOST /api/auth/signup [32m201[0m 118.931 ms - 464[0m
[0mPOST /api/auth/signup [32m201[0m 118.715 ms - 464[0m
[0mPOST /api/auth/login [33m401[0m 109.140 ms - 37[0m
[0mPOST /api/auth/signup [32m201[0m 113.867 ms - 464[0m
[0mPOST /api/auth/login [33m401[0m 0.989 ms - 37[0m
[0mPOST /api/auth/signup [32m201[0m 114.276 ms - 466[0m
[0mPOST /api/auth/refresh [32m200[0m 2.229 ms - 191[0m
[0mPOST /api/auth/refresh [33m401[0m 0.865 ms - 44[0m
[0mPOST /api/auth/signup [32m201[0m 116.920 ms - 471[0m
[0mGET /api/user/profile [32m200[0m 2.046 ms - 150[0m
[0mGET /api/user/profile [33m401[0m 0.366 ms - 35[0m
FAIL tests/auth.test.js (17.61 s)
  POST /api/auth/signup
    ├ù should create a new user and return 
tokens (219 ms)
    ΓêÜ should return 400 if email is missing 
(9 ms)
    ΓêÜ should return 400 if password is too 
short (7 ms)
    ΓêÜ should return 409 if email already 
exists (131 ms)
  POST /api/auth/login
    ├ù should return tokens on valid 
credentials (15145 ms)
    ΓêÜ should return 401 on wrong password 
(246 ms)
    ΓêÜ should return 401 on unknown email 
(131 ms)
  POST /api/auth/refresh
    ΓêÜ should return a new access token with 
valid refresh token (128 ms)
    ΓêÜ should return 401 for invalid refresh 
token (6 ms)
  GET /api/user/profile
    ΓêÜ should return user profile when 
authenticated (132 ms)
    ΓêÜ should return 401 without token (7 ms)

  ΓùÅ POST /api/auth/signup ΓÇ║ should create 
a new user and return tokens

    listen EADDRINUSE: address already in use 
:::3001

    [0m [90m 77 |[39m   
startSummarizationJob()[33m;[39m
     [90m 78 |[39m
    [31m[1m>[22m[39m[90m 79 |[39m   serv
er[33m.[39mlisten([33mPORT[39m[33m,[39m 
() [33m=>[39m {
     [90m    |[39m          
[31m[1m^[22m[39m
     [90m 80 |[39m     
console[33m.[39mlog([32m`\n≡ƒî┐ Manah 
Backend running on 
http://localhost:${PORT}`[39m)[33m;[39m
     [90m 81 |[39m     
console[33m.[39mlog([32m`≡ƒöî WebSocket 
available at  ws://localhost:${PORT}/ws/chat`
[39m)[33m;[39m
     [90m 82 |[39m     
console[33m.[39mlog([32m`≡ƒñû LLM mode: 
${process.env.USE_MOCK_LLM === 'true' ? '≡ƒº¬ 
MOCK' : 'Γ£¿ Qubrid (Gemini 2.5 
Flash)'}\n`[39m)[33m;[39m[0m

      at listen (server.js:79:10)
      at Object.bootstrap (server.js:86:1)
      at Object.require 
(tests/auth.test.js:3:13)

  ΓùÅ POST /api/auth/login ΓÇ║ should return 
tokens on valid credentials

    UNIQUE constraint failed: 
refresh_tokens.token

    [0m [90m 25 |[39m   
db[33m.[39mprepare([32m`[39m
     [90m 26 |[39m [32m    INSERT INTO 
refresh_tokens (user_id, token, expires_at) 
VALUES (?, ?, ?)[39m
    [31m[1m>[22m[39m[90m 27 |[39m [32m 
 `[39m)[33m.[39mrun(userId[33m,[39m 
token[33m,[39m expiresAt)[33m;[39m
     [90m    |[39m      [31m[1m^[22m[39m
     [90m 28 |[39m }
     [90m 29 |[39m
     [90m 30 |[39m [90m// ΓöÇΓöÇ POST 
/api/auth/signup ΓöÇΓöÇΓöÇΓöÇΓöÇΓöÇΓöÇΓöÇΓöÇΓö
ÇΓöÇΓöÇΓöÇΓöÇΓöÇΓöÇΓöÇΓöÇΓöÇΓöÇΓöÇΓöÇΓöÇΓöÇΓöÇ
ΓöÇΓöÇΓöÇΓöÇΓöÇΓöÇΓöÇΓöÇΓöÇΓöÇΓöÇΓöÇΓöÇΓöÇΓöÇΓ
öÇΓöÇΓöÇΓöÇΓöÇΓöÇΓöÇΓöÇΓöÇΓöÇΓöÇΓöÇΓöÇ[39m[0
m

      at run 
(src/controllers/authController.js:27:6)
      at storeRefreshToken 
(src/controllers/authController.js:103:3)

  ΓùÅ POST /api/auth/login ΓÇ║ should return 
tokens on valid credentials

    thrown: "Exceeded timeout of 15000 ms for 
a test.
    Add a timeout value to this test to 
increase the timeout, if this is a 
long-running test. See https://jestjs.io/docs/
api#testname-fn-timeout."

    [0m [90m 75 |[39m   })[33m;[39m
     [90m 76 |[39m
    [31m[1m>[22m[39m[90m 77 |[39m   
it([32m'should return tokens on valid 
credentials'[39m[33m,[39m [36masync[39m 
() [33m=>[39m {
     [90m    |[39m   [31m[1m^[22m[39m
     [90m 78 |[39m     [36mconst[39m res 
[33m=[39m [36mawait[39m request(app)
     [90m 79 |[39m       
[33m.[39mpost([32m'/api/auth/login'[39m)
     [90m 80 |[39m       [33m.[39msend({ 
email[33m:[39m 
[32m'login@example.com'[39m[33m,[39m 
password[33m:[39m [32m'password123'[39m 
})[33m;[39m[0m

      at it (tests/auth.test.js:77:3)
      at Object.describe 
(tests/auth.test.js:70:1)

  console.log
    [DB] SQLite initialised at C:\Users\Yash Srivastava\OneDrive\Desktop\Manah\manah-backend\data\manah.db

      at log (src/config/db.js:122:13)

  console.log
    [WS] WebSocket server attached to HTTP server

      at log (src/websocket/wsChat.js:184:11)

  console.log
    [CRON] Summarisation job scheduled (every 10 minutes)

      at log (src/jobs/summarizationJob.js:39:11)

  console.log
    [DB] SQLite initialised at C:\Users\Yash Srivastava\OneDrive\Desktop\Manah\manah-backend\data\manah.db

      at log (src/config/db.js:122:13)

[0mPOST /api/auth/signup [32m201[0m 143.010 ms - 472[0m
[0mPOST /api/mood [32m201[0m 2.844 ms - 76[0m
[0mPOST /api/mood [32m201[0m 2.535 ms - 69[0m
[0mPOST /api/mood [32m201[0m 1.989 ms - 71[0m
[0mPOST /api/mood [33m400[0m 0.707 ms - 52[0m
[0mPOST /api/mood [33m400[0m 0.757 ms - 45[0m
[0mPOST /api/mood [33m400[0m 0.727 ms - 39[0m
[0mPOST /api/mood [33m401[0m 0.441 ms - 35[0m
[0mPOST /api/mood [32m201[0m 1.962 ms - 60[0m
[0mPOST /api/mood [32m201[0m 2.049 ms - 60[0m
[0mPOST /api/mood [32m201[0m 2.129 ms - 61[0m
[0mGET /api/mood?start=2026-04-01&end=2026-04-03 [32m200[0m 1.078 ms - 197[0m
[0mGET /api/mood [32m200[0m 0.699 ms - 346[0m
[0mGET /api/mood [33m401[0m 0.225 ms - 35[0m
[0mGET /api/settings [32m200[0m 0.723 ms - 119[0m
[0mPUT /api/settings [32m200[0m 2.213 ms - 119[0m
[0mPUT /api/settings [33m400[0m 0.674 ms - 53[0m
FAIL tests/mood.test.js


  ΓùÅ Test suite failed to run

    listen EADDRINUSE: address already in use 
:::3001

    [0m [90m 77 |[39m   
startSummarizationJob()[33m;[39m
     [90m 78 |[39m
    [31m[1m>[22m[39m[90m 79 |[39m   serv
er[33m.[39mlisten([33mPORT[39m[33m,[39m 
() [33m=>[39m {
     [90m    |[39m          
[31m[1m^[22m[39m
     [90m 80 |[39m     
console[33m.[39mlog([32m`\n≡ƒî┐ Manah 
Backend running on 
http://localhost:${PORT}`[39m)[33m;[39m
     [90m 81 |[39m     
console[33m.[39mlog([32m`≡ƒöî WebSocket 
available at  ws://localhost:${PORT}/ws/chat`
[39m)[33m;[39m
     [90m 82 |[39m     
console[33m.[39mlog([32m`≡ƒñû LLM mode: 
${process.env.USE_MOCK_LLM === 'true' ? '≡ƒº¬ 
MOCK' : 'Γ£¿ Qubrid (Gemini 2.5 
Flash)'}\n`[39m)[33m;[39m[0m

      at listen (server.js:79:10)
      at Object.bootstrap (server.js:86:1)
      at Object.require 
(tests/mood.test.js:3:13)

  console.log
    [DB] SQLite initialised at C:\Users\Yash Srivastava\OneDrive\Desktop\Manah\manah-backend\data\manah.db

      at log (src/config/db.js:122:13)

  console.log
    [WS] WebSocket server attached to HTTP server

      at log (src/websocket/wsChat.js:184:11)

  console.log
    [CRON] Summarisation job scheduled (every 10 minutes)

      at log (src/jobs/summarizationJob.js:39:11)

  console.log
    [DB] SQLite initialised at C:\Users\Yash Srivastava\OneDrive\Desktop\Manah\manah-backend\data\manah.db

      at log (src/config/db.js:122:13)

[0mPOST /api/auth/signup [32m201[0m 148.903 ms - 472[0m
[0mPOST /api/chat/session [32m201[0m 2.269 ms - 77[0m
[0mPOST /api/chat/session [32m201[0m 1.973 ms - 67[0m
[0mPOST /api/chat/session [33m401[0m 0.339 ms - 35[0m
[0mGET /api/chat/sessions [32m200[0m 1.287 ms - 232[0m

  ΓùÅ  Cannot log after tests are done. Did 
you forget to wait for something async in 
your test?
    Attempted to log "[CRON] Running 
summarisation job...".

    [0m [90m 10 |[39m   [90m// Runs at 
every 10th minute[39m
     [90m 11 |[39m   
cron[33m.[39mschedule([32m'*/10 * * * 
*'[39m[33m,[39m [36masync[39m () 
[33m=>[39m {
    [31m[1m>[22m[39m[90m 12 |[39m     
console[33m.[39mlog([32m'[CRON] Running 
summarisation job...'[39m)[33m;[39m
     [90m    |[39m             
[31m[1m^[22m[39m
     [90m 13 |[39m     [36mtry[39m {
     [90m 14 |[39m       [36mconst[39m 
sessions [33m=[39m 
getSessionsNeedingSummary()[33m;[39m
     [90m 15 |[39m       [36mif[39m 
(sessions[33m.[39mlength [33m===[39m 
[35m0[39m) {[0m

      at console.log (node_modules/@jest/conso
le/build/CustomConsole.js:141:10)
      at Task.log [as _execution] 
(src/jobs/summarizationJob.js:12:13)
      at Task.execute 
(node_modules/node-cron/src/task.js:17:25)
      at ScheduledTask.now (node_modules/node-
cron/src/scheduled-task.js:38:33)
      at Scheduler.<anonymous> (node_modules/n
ode-cron/src/scheduled-task.js:25:18)
      at Timeout.matchTime [as _onTimeout] (no
de_modules/node-cron/src/scheduler.js:30:26)

  console.error
    [CRON] Summarisation job error: database is not open

    [0m [90m 33 |[39m       console[33m.[39mlog([32m'[CRON] Summarisation job complete.'[39m)[33m;[39m
     [90m 34 |[39m     } [36mcatch[39m (err) {
    [31m[1m>[22m[39m[90m 35 |[39m       console[33m.[39merror([32m'[CRON] Summarisation job error:'[39m[33m,[39m err[33m.[39mmessage)[33m;[39m
     [90m    |[39m               [31m[1m^[22m[39m
     [90m 36 |[39m     }
     [90m 37 |[39m   })[33m;[39m
     [90m 38 |[39m[0m

      at Task.error [as _execution] (src/jobs/summarizationJob.js:35:15)
      at Task.execute (node_modules/node-cron/src/task.js:17:25)
      at ScheduledTask.now (node_modules/node-cron/src/scheduled-task.js:38:33)
      at Scheduler.<anonymous> (node_modules/node-cron/src/scheduled-task.js:25:18)
      at Timeout.matchTime [as _onTimeout] (node_modules/node-cron/src/scheduler.js:30:26)

  console.log
    [CRON] Running summarisation job...

      at Task.log [as _execution] (src/jobs/summarizationJob.js:12:13)

  console.log
    [CRON] No sessions need summarisation.

      at Task.log [as _execution] (src/jobs/summarizationJob.js:16:17)


  ΓùÅ  Cannot log after tests are done. Did 
you forget to wait for something async in 
your test?
    Attempted to log "[CRON] Running 
summarisation job...".

    [0m [90m 10 |[39m   [90m// Runs at 
every 10th minute[39m
     [90m 11 |[39m   
cron[33m.[39mschedule([32m'*/10 * * * 
*'[39m[33m,[39m [36masync[39m () 
[33m=>[39m {
    [31m[1m>[22m[39m[90m 12 |[39m     
console[33m.[39mlog([32m'[CRON] Running 
summarisation job...'[39m)[33m;[39m
     [90m    |[39m             
[31m[1m^[22m[39m
     [90m 13 |[39m     [36mtry[39m {
     [90m 14 |[39m       [36mconst[39m 
sessions [33m=[39m 
getSessionsNeedingSummary()[33m;[39m
     [90m 15 |[39m       [36mif[39m 
(sessions[33m.[39mlength [33m===[39m 
[35m0[39m) {[0m

      at console.log (node_modules/@jest/conso
le/build/CustomConsole.js:141:10)
      at Task.log [as _execution] 
(src/jobs/summarizationJob.js:12:13)
      at Task.execute 
(node_modules/node-cron/src/task.js:17:25)
      at ScheduledTask.now (node_modules/node-
cron/src/scheduled-task.js:38:33)
      at Scheduler.<anonymous> (node_modules/n
ode-cron/src/scheduled-task.js:25:18)
      at Timeout.matchTime [as _onTimeout] (no
de_modules/node-cron/src/scheduler.js:30:26)

  console.error
    [CRON] Summarisation job error: database is not open

    [0m [90m 33 |[39m       console[33m.[39mlog([32m'[CRON] Summarisation job complete.'[39m)[33m;[39m
     [90m 34 |[39m     } [36mcatch[39m (err) {
    [31m[1m>[22m[39m[90m 35 |[39m       console[33m.[39merror([32m'[CRON] Summarisation job error:'[39m[33m,[39m err[33m.[39mmessage)[33m;[39m
     [90m    |[39m               [31m[1m^[22m[39m
     [90m 36 |[39m     }
     [90m 37 |[39m   })[33m;[39m
     [90m 38 |[39m[0m

      at Task.error [as _execution] (src/jobs/summarizationJob.js:35:15)
      at Task.execute (node_modules/node-cron/src/task.js:17:25)
      at ScheduledTask.now (node_modules/node-cron/src/scheduled-task.js:38:33)
      at Scheduler.<anonymous> (node_modules/node-cron/src/scheduled-task.js:25:18)
      at Timeout.matchTime [as _onTimeout] (node_modules/node-cron/src/scheduler.js:30:26)

[0mPOST /api/chat/message [33m400[0m 1.126 ms - 46[0m
[0mPOST /api/chat/message [33m400[0m 0.651 ms - 46[0m
[0mPOST /api/chat/message [32m200[0m 1.967 ms - 728[0m
[0mGET /api/chat/history?sessionId=3 [32m200[0m 1.224 ms - 243[0m
[0mGET /api/chat/history [33m400[0m 0.570 ms - 42[0m
FAIL tests/chat.test.js (30.706 s)
  ΓùÅ POST /api/chat/message ΓÇ║ should 
return an AI reply (mock)

    SyntaxError: C:\Users\Yash Srivastava\OneD
rive\Desktop\Manah\manah-backend\src\services\
llm\mockAdapter.js: Unexpected token, 
expected "," (10:55)

    [0m [90m  8 |[39m   [32m'Totally 
valid feel hai yeh. Loneliness real hai, 
especially tab jab sab apni duniya mein busy 
ho. Main sun raha hoon ΓÇö kya specifically 
tumhe sabse zyada akela feel kara raha 
hai?'[39m[33m,[39m
     [90m  9 |[39m   [32m'Wow, yeh share 
karna bada step tha. Relationship mein 
complications bahut drain karte hain energy. 
Apna khayal rakhna pehle ΓÇö tumhara 
emotional health matter karta 
hai.'[39m[33m,[39m
    [31m[1m>[22m[39m[90m 10 |[39m   
[32m'Sometimes just talking about it helps 
more than you'[39md think[33m.[39m 
[33mMain[39m judge nahi kar raha[33m,[39m 
main sun raha hoon[33m.[39m [33mAur[39m 
bolo[33m.[39m Γ£¿[32m',[39m
     [90m    |[39m                          
                              
[31m[1m^[22m[39m
     [90m 11 |[39m   [32m'Haan yaar, 
career anxiety hits different. But you are 
way more than just your job title or salary. 
Kya tum mujhe bata sakte ho ΓÇö tumhe 
genuinely kya pasand hai karne 
mein?'[39m[33m,[39m
     [90m 12 |[39m   [32m'Tumhari feelings 
bilkul valid hain. Kabhi kabhi "okay" nahi 
hona bhi okay hai. I see you. 
≡ƒÆÖ'[39m[33m,[39m
     [90m 13 |[39m ][33m;[39m[0m

    [0m [90m  7 |[39m [36mfunction[39m 
getLLMAdapter() {
     [90m  8 |[39m   [36mif[39m (process[
33m.[39menv[33m.[39m[33mUSE_MOCK_LLM[39m 
[33m===[39m [32m'true'[39m) {
    [31m[1m>[22m[39m[90m  9 |[39m     
[36mreturn[39m 
require([32m'./mockAdapter'[39m)[33m;[39m
     [90m    |[39m            
[31m[1m^[22m[39m
     [90m 10 |[39m   }
     [90m 11 |[39m   [36mreturn[39m requir
e([32m'./qubridAdapter'[39m)[33m;[39m
     [90m 12 |[39m }[0m

      at constructor (node_modules/@babel/pars
er/src/parse-error.ts:95:45)
      at Parser.toParseError [as raise] (node_
modules/@babel/parser/src/tokenizer/index.ts:1
504:19)
      at Parser.raise [as unexpected] (node_mo
dules/@babel/parser/src/tokenizer/index.ts:154
4:16)
      at Parser.unexpected [as expect] (node_m
odules/@babel/parser/src/parser/util.ts:157:12
)
      at Parser.expect [as parseExprList] (nod
e_modules/@babel/parser/src/parser/expression.
ts:2727:14)
      at Parser.parseExprList [as 
parseArrayLike] (node_modules/@babel/parser/sr
c/parser/expression.ts:2518:26)
      at Parser.parseArrayLike [as 
parseExprAtom] (node_modules/@babel/parser/src
/parser/expression.ts:1174:21)
      at Parser.parseExprAtom [as 
parseExprSubscripts] (node_modules/@babel/pars
er/src/parser/expression.ts:742:23)
      at Parser.parseExprSubscripts [as 
parseUpdate] (node_modules/@babel/parser/src/p
arser/expression.ts:721:21)
      at Parser.parseUpdate [as 
parseMaybeUnary] (node_modules/@babel/parser/s
rc/parser/expression.ts:683:23)
      at Parser.parseMaybeUnary [as 
parseMaybeUnaryOrPrivate] (node_modules/@babel
/parser/src/parser/expression.ts:417:14)
      at Parser.parseMaybeUnaryOrPrivate [as 
parseExprOps] (node_modules/@babel/parser/src/
parser/expression.ts:429:23)
      at Parser.parseExprOps [as 
parseMaybeConditional] (node_modules/@babel/pa
rser/src/parser/expression.ts:384:23)
      at Parser.parseMaybeConditional [as 
parseMaybeAssign] (node_modules/@babel/parser/
src/parser/expression.ts:301:21)
      at parseMaybeAssign (node_modules/@babel
/parser/src/parser/expression.ts:257:12)
      at Parser.callback [as allowInAnd] (node
_modules/@babel/parser/src/parser/expression.t
s:3192:16)
      at Parser.allowInAnd [as 
parseMaybeAssignAllowIn] (node_modules/@babel/
parser/src/parser/expression.ts:256:17)
      at Parser.parseMaybeAssignAllowIn [as 
parseVar] (node_modules/@babel/parser/src/pars
er/statement.ts:1587:18)
      at Parser.parseVar [as 
parseVarStatement] (node_modules/@babel/parser
/src/parser/statement.ts:1251:10)
      at Parser.parseVarStatement [as 
parseStatementContent] (node_modules/@babel/pa
rser/src/parser/statement.ts:612:21)
      at Parser.parseStatementContent [as 
parseStatementLike] (node_modules/@babel/parse
r/src/parser/statement.ts:482:17)
      at Parser.parseStatementLike [as 
parseModuleItem] (node_modules/@babel/parser/s
rc/parser/statement.ts:419:17)
      at Parser.parseModuleItem [as 
parseBlockOrModuleBlockBody] (node_modules/@ba
bel/parser/src/parser/statement.ts:1443:16)
      at Parser.parseBlockOrModuleBlockBody 
[as parseBlockBody] (node_modules/@babel/parse
r/src/parser/statement.ts:1417:10)
      at Parser.parseBlockBody [as 
parseProgram] (node_modules/@babel/parser/src/
parser/statement.ts:229:10)
      at Parser.parseProgram [as 
parseTopLevel] (node_modules/@babel/parser/src
/parser/statement.ts:203:25)
      at Parser.parseTopLevel [as parse] (node
_modules/@babel/parser/src/parser/index.ts:83:
25)
      at parse (node_modules/@babel/parser/src
/index.ts:86:38)
      at parser (node_modules/@babel/core/src/
parser/index.ts:29:19)
          at parser.next (<anonymous>)
      at normalizeFile (node_modules/@babel/co
re/src/transformation/normalize-file.ts:50:24)
          at normalizeFile.next (<anonymous>)
      at run (node_modules/@babel/core/src/tra
nsformation/index.ts:41:36)
          at run.next (<anonymous>)
      at transform (node_modules/@babel/core/s
rc/transform.ts:29:20)
          at transform.next (<anonymous>)
      at evaluateSync 
(node_modules/gensync/index.js:251:28)
      at sync 
(node_modules/gensync/index.js:89:14)
      at fn (node_modules/@babel/core/src/erro
rs/rewrite-stack-trace.ts:99:14)
      at transformSync (node_modules/@babel/co
re/src/transform.ts:66:52)
      at ScriptTransformer.transformSource (no
de_modules/@jest/transform/build/ScriptTransfo
rmer.js:545:31)
      at 
ScriptTransformer._transformAndBuildScript (no
de_modules/@jest/transform/build/ScriptTransfo
rmer.js:674:40)
      at ScriptTransformer.transform (node_mod
ules/@jest/transform/build/ScriptTransformer.j
s:726:19)
      at require 
(src/services/llm/index.js:9:12)
      at getLLMAdapter 
(src/controllers/chatController.js:96:15)
      at Layer.handle [as handle_request] (nod
e_modules/express/lib/router/layer.js:95:5)
      at next (node_modules/express/lib/router
/route.js:149:13)
      at next (src/middleware/crisis.js:46:25)
      at Layer.handle [as handle_request] (nod
e_modules/express/lib/router/layer.js:95:5)
      at next (node_modules/express/lib/router
/route.js:149:13)
      at Route.dispatch (node_modules/express/
lib/router/route.js:119:3)
      at Layer.handle [as handle_request] (nod
e_modules/express/lib/router/layer.js:95:5)
      at node_modules/express/lib/router/index
.js:284:15
      at router.process_params (node_modules/e
xpress/lib/router/index.js:346:12)
      at next (node_modules/express/lib/router
/index.js:280:10)
      at next (src/middleware/auth.js:29:5)
      at Layer.handle [as handle_request] (nod
e_modules/express/lib/router/layer.js:95:5)
      at trim_prefix (node_modules/express/lib
/router/index.js:328:13)
      at 
node_modules/express/lib/router/index.js:286:9
      at router.process_params (node_modules/e
xpress/lib/router/index.js:346:12)
      at next (node_modules/express/lib/router
/index.js:280:10)
      at router.handle (node_modules/express/l
ib/router/index.js:175:3)
      at router (node_modules/express/lib/rout
er/index.js:47:12)
      at Layer.handle [as handle_request] (nod
e_modules/express/lib/router/layer.js:95:5)
      at trim_prefix (node_modules/express/lib
/router/index.js:328:13)
      at 
node_modules/express/lib/router/index.js:286:9
      at router.process_params (node_modules/e
xpress/lib/router/index.js:346:12)
      at next (node_modules/express/lib/router
/index.js:280:10)
      at node_modules/express-rate-limit/dist/
index.cjs:807:7
      at node_modules/express-rate-limit/dist/
index.cjs:691:5

  ΓùÅ POST /api/chat/message ΓÇ║ should 
return an AI reply (mock)

    thrown: "Exceeded timeout of 15000 ms for 
a test.
    Add a timeout value to this test to 
increase the timeout, if this is a 
long-running test. See https://jestjs.io/docs/
api#testname-fn-timeout."

    [0m [90m 65 |[39m
     [90m 66 |[39m describe([32m'POST 
/api/chat/message'[39m[33m,[39m () 
[33m=>[39m {
    [31m[1m>[22m[39m[90m 67 |[39m   
it([32m'should return an AI reply 
(mock)'[39m[33m,[39m [36masync[39m () 
[33m=>[39m {
     [90m    |[39m   [31m[1m^[22m[39m
     [90m 68 |[39m     [36mconst[39m res 
[33m=[39m [36mawait[39m request(app)
     [90m 69 |[39m       
[33m.[39mpost([32m'/api/chat/message'[39m)
     [90m 70 |[39m       [33m.[39m[36mset
[39m([32m'Authorization'[39m[33m,[39m 
[32m`Bearer ${token}`[39m)[0m

      at it (tests/chat.test.js:67:3)
      at Object.describe 
(tests/chat.test.js:66:1)

  ΓùÅ Crisis detection ΓÇö POST 
/api/chat/message ΓÇ║ should NOT trigger 
crisis for normal messages

    SyntaxError: C:\Users\Yash Srivastava\OneD
rive\Desktop\Manah\manah-backend\src\services\
llm\mockAdapter.js: Unexpected token, 
expected "," (10:55)

    [0m [90m  8 |[39m   [32m'Totally 
valid feel hai yeh. Loneliness real hai, 
especially tab jab sab apni duniya mein busy 
ho. Main sun raha hoon ΓÇö kya specifically 
tumhe sabse zyada akela feel kara raha 
hai?'[39m[33m,[39m
     [90m  9 |[39m   [32m'Wow, yeh share 
karna bada step tha. Relationship mein 
complications bahut drain karte hain energy. 
Apna khayal rakhna pehle ΓÇö tumhara 
emotional health matter karta 
hai.'[39m[33m,[39m
    [31m[1m>[22m[39m[90m 10 |[39m   
[32m'Sometimes just talking about it helps 
more than you'[39md think[33m.[39m 
[33mMain[39m judge nahi kar raha[33m,[39m 
main sun raha hoon[33m.[39m [33mAur[39m 
bolo[33m.[39m Γ£¿[32m',[39m
     [90m    |[39m                          
                              
[31m[1m^[22m[39m
     [90m 11 |[39m   [32m'Haan yaar, 
career anxiety hits different. But you are 
way more than just your job title or salary. 
Kya tum mujhe bata sakte ho ΓÇö tumhe 
genuinely kya pasand hai karne 
mein?'[39m[33m,[39m
     [90m 12 |[39m   [32m'Tumhari feelings 
bilkul valid hain. Kabhi kabhi "okay" nahi 
hona bhi okay hai. I see you. 
≡ƒÆÖ'[39m[33m,[39m
     [90m 13 |[39m ][33m;[39m[0m

    [0m [90m  7 |[39m [36mfunction[39m 
getLLMAdapter() {
     [90m  8 |[39m   [36mif[39m (process[
33m.[39menv[33m.[39m[33mUSE_MOCK_LLM[39m 
[33m===[39m [32m'true'[39m) {
    [31m[1m>[22m[39m[90m  9 |[39m     
[36mreturn[39m 
require([32m'./mockAdapter'[39m)[33m;[39m
     [90m    |[39m            
[31m[1m^[22m[39m
     [90m 10 |[39m   }
     [90m 11 |[39m   [36mreturn[39m requir
e([32m'./qubridAdapter'[39m)[33m;[39m
     [90m 12 |[39m }[0m

      at constructor (node_modules/@babel/pars
er/src/parse-error.ts:95:45)
      at Parser.toParseError [as raise] (node_
modules/@babel/parser/src/tokenizer/index.ts:1
504:19)
      at Parser.raise [as unexpected] (node_mo
dules/@babel/parser/src/tokenizer/index.ts:154
4:16)
      at Parser.unexpected [as expect] (node_m
odules/@babel/parser/src/parser/util.ts:157:12
)
      at Parser.expect [as parseExprList] (nod
e_modules/@babel/parser/src/parser/expression.
ts:2727:14)
      at Parser.parseExprList [as 
parseArrayLike] (node_modules/@babel/parser/sr
c/parser/expression.ts:2518:26)
      at Parser.parseArrayLike [as 
parseExprAtom] (node_modules/@babel/parser/src
/parser/expression.ts:1174:21)
      at Parser.parseExprAtom [as 
parseExprSubscripts] (node_modules/@babel/pars
er/src/parser/expression.ts:742:23)
      at Parser.parseExprSubscripts [as 
parseUpdate] (node_modules/@babel/parser/src/p
arser/expression.ts:721:21)
      at Parser.parseUpdate [as 
parseMaybeUnary] (node_modules/@babel/parser/s
rc/parser/expression.ts:683:23)
      at Parser.parseMaybeUnary [as 
parseMaybeUnaryOrPrivate] (node_modules/@babel
/parser/src/parser/expression.ts:417:14)
      at Parser.parseMaybeUnaryOrPrivate [as 
parseExprOps] (node_modules/@babel/parser/src/
parser/expression.ts:429:23)
      at Parser.parseExprOps [as 
parseMaybeConditional] (node_modules/@babel/pa
rser/src/parser/expression.ts:384:23)
      at Parser.parseMaybeConditional [as 
parseMaybeAssign] (node_modules/@babel/parser/
src/parser/expression.ts:301:21)
      at parseMaybeAssign (node_modules/@babel
/parser/src/parser/expression.ts:257:12)
      at Parser.callback [as allowInAnd] (node
_modules/@babel/parser/src/parser/expression.t
s:3192:16)
      at Parser.allowInAnd [as 
parseMaybeAssignAllowIn] (node_modules/@babel/
parser/src/parser/expression.ts:256:17)
      at Parser.parseMaybeAssignAllowIn [as 
parseVar] (node_modules/@babel/parser/src/pars
er/statement.ts:1587:18)
      at Parser.parseVar [as 
parseVarStatement] (node_modules/@babel/parser
/src/parser/statement.ts:1251:10)
      at Parser.parseVarStatement [as 
parseStatementContent] (node_modules/@babel/pa
rser/src/parser/statement.ts:612:21)
      at Parser.parseStatementContent [as 
parseStatementLike] (node_modules/@babel/parse
r/src/parser/statement.ts:482:17)
      at Parser.parseStatementLike [as 
parseModuleItem] (node_modules/@babel/parser/s
rc/parser/statement.ts:419:17)
      at Parser.parseModuleItem [as 
parseBlockOrModuleBlockBody] (node_modules/@ba
bel/parser/src/parser/statement.ts:1443:16)
      at Parser.parseBlockOrModuleBlockBody 
[as parseBlockBody] (node_modules/@babel/parse
r/src/parser/statement.ts:1417:10)
      at Parser.parseBlockBody [as 
parseProgram] (node_modules/@babel/parser/src/
parser/statement.ts:229:10)
      at Parser.parseProgram [as 
parseTopLevel] (node_modules/@babel/parser/src
/parser/statement.ts:203:25)
      at Parser.parseTopLevel [as parse] (node
_modules/@babel/parser/src/parser/index.ts:83:
25)
      at parse (node_modules/@babel/parser/src
/index.ts:86:38)
      at parser (node_modules/@babel/core/src/
parser/index.ts:29:19)
          at parser.next (<anonymous>)
      at normalizeFile (node_modules/@babel/co
re/src/transformation/normalize-file.ts:50:24)
          at normalizeFile.next (<anonymous>)
      at run (node_modules/@babel/core/src/tra
nsformation/index.ts:41:36)
          at run.next (<anonymous>)
      at transform (node_modules/@babel/core/s
rc/transform.ts:29:20)
          at transform.next (<anonymous>)
      at evaluateSync 
(node_modules/gensync/index.js:251:28)
      at sync 
(node_modules/gensync/index.js:89:14)
      at fn (node_modules/@babel/core/src/erro
rs/rewrite-stack-trace.ts:99:14)
      at transformSync (node_modules/@babel/co
re/src/transform.ts:66:52)
      at ScriptTransformer.transformSource (no
de_modules/@jest/transform/build/ScriptTransfo
rmer.js:545:31)
      at 
ScriptTransformer._transformAndBuildScript (no
de_modules/@jest/transform/build/ScriptTransfo
rmer.js:674:40)
      at ScriptTransformer.transform (node_mod
ules/@jest/transform/build/ScriptTransformer.j
s:726:19)
      at require 
(src/services/llm/index.js:9:12)
      at getLLMAdapter 
(src/controllers/chatController.js:96:15)
      at Layer.handle [as handle_request] (nod
e_modules/express/lib/router/layer.js:95:5)
      at next (node_modules/express/lib/router
/route.js:149:13)
      at next (src/middleware/crisis.js:46:25)
      at Layer.handle [as handle_request] (nod
e_modules/express/lib/router/layer.js:95:5)
      at next (node_modules/express/lib/router
/route.js:149:13)
      at Route.dispatch (node_modules/express/
lib/router/route.js:119:3)
      at Layer.handle [as handle_request] (nod
e_modules/express/lib/router/layer.js:95:5)
      at node_modules/express/lib/router/index
.js:284:15
      at router.process_params (node_modules/e
xpress/lib/router/index.js:346:12)
      at next (node_modules/express/lib/router
/index.js:280:10)
      at next (src/middleware/auth.js:29:5)
      at Layer.handle [as handle_request] (nod
e_modules/express/lib/router/layer.js:95:5)
      at trim_prefix (node_modules/express/lib
/router/index.js:328:13)
      at 
node_modules/express/lib/router/index.js:286:9
      at router.process_params (node_modules/e
xpress/lib/router/index.js:346:12)
      at next (node_modules/express/lib/router
/index.js:280:10)
      at router.handle (node_modules/express/l
ib/router/index.js:175:3)
      at router (node_modules/express/lib/rout
er/index.js:47:12)
      at Layer.handle [as handle_request] (nod
e_modules/express/lib/router/layer.js:95:5)
      at trim_prefix (node_modules/express/lib
/router/index.js:328:13)
      at 
node_modules/express/lib/router/index.js:286:9
      at router.process_params (node_modules/e
xpress/lib/router/index.js:346:12)
      at next (node_modules/express/lib/router
/index.js:280:10)
      at node_modules/express-rate-limit/dist/
index.cjs:807:7
      at node_modules/express-rate-limit/dist/
index.cjs:691:5

  ΓùÅ Crisis detection ΓÇö POST 
/api/chat/message ΓÇ║ should NOT trigger 
crisis for normal messages

    thrown: "Exceeded timeout of 15000 ms for 
a test.
    Add a timeout value to this test to 
increase the timeout, if this is a 
long-running test. See https://jestjs.io/docs/
api#testname-fn-timeout."

    [0m [90m 109 |[39m   })[33m;[39m
     [90m 110 |[39m
    [31m[1m>[22m[39m[90m 111 |[39m   
it([32m'should NOT trigger crisis for normal 
messages'[39m[33m,[39m [36masync[39m () 
[33m=>[39m {
     [90m     |[39m   [31m[1m^[22m[39m
     [90m 112 |[39m     [36mconst[39m res 
[33m=[39m [36mawait[39m request(app)
     [90m 113 |[39m       
[33m.[39mpost([32m'/api/chat/message'[39m)
     [90m 114 |[39m       [33m.[39m[36mse
t[39m([32m'Authorization'[39m[33m,[39m 
[32m`Bearer ${token}`[39m)[0m

      at it (tests/chat.test.js:111:3)
      at Object.describe 
(tests/chat.test.js:98:1)


  ΓùÅ Test suite failed to run

    listen EADDRINUSE: address already in use 
:::3001

    [0m [90m 77 |[39m   
startSummarizationJob()[33m;[39m
     [90m 78 |[39m
    [31m[1m>[22m[39m[90m 79 |[39m   serv
er[33m.[39mlisten([33mPORT[39m[33m,[39m 
() [33m=>[39m {
     [90m    |[39m          
[31m[1m^[22m[39m
     [90m 80 |[39m     
console[33m.[39mlog([32m`\n≡ƒî┐ Manah 
Backend running on 
http://localhost:${PORT}`[39m)[33m;[39m
     [90m 81 |[39m     
console[33m.[39mlog([32m`≡ƒöî WebSocket 
available at  ws://localhost:${PORT}/ws/chat`
[39m)[33m;[39m
     [90m 82 |[39m     
console[33m.[39mlog([32m`≡ƒñû LLM mode: 
${process.env.USE_MOCK_LLM === 'true' ? '≡ƒº¬ 
MOCK' : 'Γ£¿ Qubrid (Gemini 2.5 
Flash)'}\n`[39m)[33m;[39m[0m

      at listen (server.js:79:10)
      at Object.bootstrap (server.js:86:1)
      at Object.require 
(tests/chat.test.js:3:13)

Test Suites: 3 failed, 3 total
Tests:       4 failed, 29 passed, 33 total
Snapshots:   0 total
Time:        48.988 s
Ran all test suites.
Jest did not exit one second after the test 
run has completed.

'This usually means that there are 
asynchronous operations that weren't stopped 
in your tests. Consider running Jest with 
`--detectOpenHandles` to troubleshoot this 
issue.

  ΓùÅ  Cannot log after tests are done. Did 
you forget to wait for something async in 
your test?
    Attempted to log "[CRON] Running 
summarisation job...".

    [0m [90m 10 |[39m   [90m// Runs at 
every 10th minute[39m
     [90m 11 |[39m   
cron[33m.[39mschedule([32m'*/10 * * * 
*'[39m[33m,[39m [36masync[39m () 
[33m=>[39m {
    [31m[1m>[22m[39m[90m 12 |[39m     
console[33m.[39mlog([32m'[CRON] Running 
summarisation job...'[39m)[33m;[39m
     [90m    |[39m             
[31m[1m^[22m[39m
     [90m 13 |[39m     [36mtry[39m {
     [90m 14 |[39m       [36mconst[39m 
sessions [33m=[39m 
getSessionsNeedingSummary()[33m;[39m
     [90m 15 |[39m       [36mif[39m 
(sessions[33m.[39mlength [33m===[39m 
[35m0[39m) {[0m

      at console.log (node_modules/@jest/conso
le/build/CustomConsole.js:141:10)
      at Task.log [as _execution] 
(src/jobs/summarizationJob.js:12:13)
      at Task.execute 
(node_modules/node-cron/src/task.js:17:25)
      at ScheduledTask.now (node_modules/node-
cron/src/scheduled-task.js:38:33)
      at Scheduler.<anonymous> (node_modules/n
ode-cron/src/scheduled-task.js:25:18)
      at Timeout.matchTime [as _onTimeout] (no
de_modules/node-cron/src/scheduler.js:30:26)

  console.error
    [CRON] Summarisation job error: database is not open

    [0m [90m 33 |[39m       console[33m.[39mlog([32m'[CRON] Summarisation job complete.'[39m)[33m;[39m
     [90m 34 |[39m     } [36mcatch[39m (err) {
    [31m[1m>[22m[39m[90m 35 |[39m       console[33m.[39merror([32m'[CRON] Summarisation job error:'[39m[33m,[39m err[33m.[39mmessage)[33m;[39m
     [90m    |[39m               [31m[1m^[22m[39m
     [90m 36 |[39m     }
     [90m 37 |[39m   })[33m;[39m
     [90m 38 |[39m[0m

      at Task.error [as _execution] (src/jobs/summarizationJob.js:35:15)
      at Task.execute (node_modules/node-cron/src/task.js:17:25)
      at ScheduledTask.now (node_modules/node-cron/src/scheduled-task.js:38:33)
      at Scheduler.<anonymous> (node_modules/node-cron/src/scheduled-task.js:25:18)
      at Timeout.matchTime [as _onTimeout] (node_modules/node-cron/src/scheduler.js:30:26)


  ΓùÅ  Cannot log after tests are done. Did 
you forget to wait for something async in 
your test?
    Attempted to log "[CRON] Running 
summarisation job...".

    [0m [90m 10 |[39m   [90m// Runs at 
every 10th minute[39m
     [90m 11 |[39m   
cron[33m.[39mschedule([32m'*/10 * * * 
*'[39m[33m,[39m [36masync[39m () 
[33m=>[39m {
    [31m[1m>[22m[39m[90m 12 |[39m     
console[33m.[39mlog([32m'[CRON] Running 
summarisation job...'[39m)[33m;[39m
     [90m    |[39m             
[31m[1m^[22m[39m
     [90m 13 |[39m     [36mtry[39m {
     [90m 14 |[39m       [36mconst[39m 
sessions [33m=[39m 
getSessionsNeedingSummary()[33m;[39m
     [90m 15 |[39m       [36mif[39m 
(sessions[33m.[39mlength [33m===[39m 
[35m0[39m) {[0m

      at console.log (node_modules/@jest/conso
le/build/CustomConsole.js:141:10)
      at Task.log [as _execution] 
(src/jobs/summarizationJob.js:12:13)
      at Task.execute 
(node_modules/node-cron/src/task.js:17:25)
      at ScheduledTask.now (node_modules/node-
cron/src/scheduled-task.js:38:33)
      at Scheduler.<anonymous> (node_modules/n
ode-cron/src/scheduled-task.js:25:18)
      at Timeout.matchTime [as _onTimeout] (no
de_modules/node-cron/src/scheduler.js:30:26)

  console.error
    [CRON] Summarisation job error: database is not open

    [0m [90m 33 |[39m       console[33m.[39mlog([32m'[CRON] Summarisation job complete.'[39m)[33m;[39m
     [90m 34 |[39m     } [36mcatch[39m (err) {
    [31m[1m>[22m[39m[90m 35 |[39m       console[33m.[39merror([32m'[CRON] Summarisation job error:'[39m[33m,[39m err[33m.[39mmessage)[33m;[39m
     [90m    |[39m               [31m[1m^[22m[39m
     [90m 36 |[39m     }
     [90m 37 |[39m   })[33m;[39m
     [90m 38 |[39m[0m

      at Task.error [as _execution] (src/jobs/summarizationJob.js:35:15)
      at Task.execute (node_modules/node-cron/src/task.js:17:25)
      at ScheduledTask.now (node_modules/node-cron/src/scheduled-task.js:38:33)
      at Scheduler.<anonymous> (node_modules/node-cron/src/scheduled-task.js:25:18)
      at Timeout.matchTime [as _onTimeout] (node_modules/node-cron/src/scheduler.js:30:26)


  ΓùÅ  Cannot log after tests are done. Did 
you forget to wait for something async in 
your test?
    Attempted to log "[CRON] Running 
summarisation job...".

    [0m [90m 10 |[39m   [90m// Runs at 
every 10th minute[39m
     [90m 11 |[39m   
cron[33m.[39mschedule([32m'*/10 * * * 
*'[39m[33m,[39m [36masync[39m () 
[33m=>[39m {
    [31m[1m>[22m[39m[90m 12 |[39m     
console[33m.[39mlog([32m'[CRON] Running 
summarisation job...'[39m)[33m;[39m
     [90m    |[39m             
[31m[1m^[22m[39m
     [90m 13 |[39m     [36mtry[39m {
     [90m 14 |[39m       [36mconst[39m 
sessions [33m=[39m 
getSessionsNeedingSummary()[33m;[39m
     [90m 15 |[39m       [36mif[39m 
(sessions[33m.[39mlength [33m===[39m 
[35m0[39m) {[0m

      at console.log (node_modules/@jest/conso
le/build/CustomConsole.js:141:10)
      at Task.log [as _execution] 
(src/jobs/summarizationJob.js:12:13)
      at Task.execute 
(node_modules/node-cron/src/task.js:17:25)
      at ScheduledTask.now (node_modules/node-
cron/src/scheduled-task.js:38:33)
      at Scheduler.<anonymous> (node_modules/n
ode-cron/src/scheduled-task.js:25:18)
      at Timeout.matchTime [as _onTimeout] (no
de_modules/node-cron/src/scheduler.js:30:26)

  console.error
    [CRON] Summarisation job error: database is not open

    [0m [90m 33 |[39m       console[33m.[39mlog([32m'[CRON] Summarisation job complete.'[39m)[33m;[39m
     [90m 34 |[39m     } [36mcatch[39m (err) {
    [31m[1m>[22m[39m[90m 35 |[39m       console[33m.[39merror([32m'[CRON] Summarisation job error:'[39m[33m,[39m err[33m.[39mmessage)[33m;[39m
     [90m    |[39m               [31m[1m^[22m[39m
     [90m 36 |[39m     }
     [90m 37 |[39m   })[33m;[39m
     [90m 38 |[39m[0m

      at Task.error [as _execution] (src/jobs/summarizationJob.js:35:15)
      at Task.execute (node_modules/node-cron/src/task.js:17:25)
      at ScheduledTask.now (node_modules/node-cron/src/scheduled-task.js:38:33)
      at Scheduler.<anonymous> (node_modules/node-cron/src/scheduled-task.js:25:18)
      at Timeout.matchTime [as _onTimeout] (node_modules/node-cron/src/scheduler.js:30:26)


  ΓùÅ  Cannot log after tests are done. Did 
you forget to wait for something async in 
your test?
    Attempted to log "[CRON] Running 
summarisation job...".

    [0m [90m 10 |[39m   [90m// Runs at 
every 10th minute[39m
     [90m 11 |[39m   
cron[33m.[39mschedule([32m'*/10 * * * 
*'[39m[33m,[39m [36masync[39m () 
[33m=>[39m {
    [31m[1m>[22m[39m[90m 12 |[39m     
console[33m.[39mlog([32m'[CRON] Running 
summarisation job...'[39m)[33m;[39m
     [90m    |[39m             
[31m[1m^[22m[39m
     [90m 13 |[39m     [36mtry[39m {
     [90m 14 |[39m       [36mconst[39m 
sessions [33m=[39m 
getSessionsNeedingSummary()[33m;[39m
     [90m 15 |[39m       [36mif[39m 
(sessions[33m.[39mlength [33m===[39m 
[35m0[39m) {[0m

      at console.log (node_modules/@jest/conso
le/build/CustomConsole.js:141:10)
      at Task.log [as _execution] 
(src/jobs/summarizationJob.js:12:13)
      at Task.execute 
(node_modules/node-cron/src/task.js:17:25)
      at ScheduledTask.now (node_modules/node-
cron/src/scheduled-task.js:38:33)
      at Scheduler.<anonymous> (node_modules/n
ode-cron/src/scheduled-task.js:25:18)
      at Timeout.matchTime [as _onTimeout] (no
de_modules/node-cron/src/scheduler.js:30:26)

  console.error
    [CRON] Summarisation job error: database is not open

    [0m [90m 33 |[39m       console[33m.[39mlog([32m'[CRON] Summarisation job complete.'[39m)[33m;[39m
     [90m 34 |[39m     } [36mcatch[39m (err) {
    [31m[1m>[22m[39m[90m 35 |[39m       console[33m.[39merror([32m'[CRON] Summarisation job error:'[39m[33m,[39m err[33m.[39mmessage)[33m;[39m
     [90m    |[39m               [31m[1m^[22m[39m
     [90m 36 |[39m     }
     [90m 37 |[39m   })[33m;[39m
     [90m 38 |[39m[0m

      at Task.error [as _execution] (src/jobs/summarizationJob.js:35:15)
      at Task.execute (node_modules/node-cron/src/task.js:17:25)
      at ScheduledTask.now (node_modules/node-cron/src/scheduled-task.js:38:33)
      at Scheduler.<anonymous> (node_modules/node-cron/src/scheduled-task.js:25:18)
      at Timeout.matchTime [as _onTimeout] (node_modules/node-cron/src/scheduler.js:30:26)


  ΓùÅ  Cannot log after tests are done. Did 
you forget to wait for something async in 
your test?
    Attempted to log "[CRON] Running 
summarisation job...".

    [0m [90m 10 |[39m   [90m// Runs at 
every 10th minute[39m
     [90m 11 |[39m   
cron[33m.[39mschedule([32m'*/10 * * * 
*'[39m[33m,[39m [36masync[39m () 
[33m=>[39m {
    [31m[1m>[22m[39m[90m 12 |[39m     
console[33m.[39mlog([32m'[CRON] Running 
summarisation job...'[39m)[33m;[39m
     [90m    |[39m             
[31m[1m^[22m[39m
     [90m 13 |[39m     [36mtry[39m {
     [90m 14 |[39m       [36mconst[39m 
sessions [33m=[39m 
getSessionsNeedingSummary()[33m;[39m
     [90m 15 |[39m       [36mif[39m 
(sessions[33m.[39mlength [33m===[39m 
[35m0[39m) {[0m

      at console.log (node_modules/@jest/conso
le/build/CustomConsole.js:141:10)
      at Task.log [as _execution] 
(src/jobs/summarizationJob.js:12:13)
      at Task.execute 
(node_modules/node-cron/src/task.js:17:25)
      at ScheduledTask.now (node_modules/node-
cron/src/scheduled-task.js:38:33)
      at Scheduler.<anonymous> (node_modules/n
ode-cron/src/scheduled-task.js:25:18)
      at Timeout.matchTime [as _onTimeout] (no
de_modules/node-cron/src/scheduler.js:30:26)

  console.error
    [CRON] Summarisation job error: database is not open

    [0m [90m 33 |[39m       console[33m.[39mlog([32m'[CRON] Summarisation job complete.'[39m)[33m;[39m
     [90m 34 |[39m     } [36mcatch[39m (err) {
    [31m[1m>[22m[39m[90m 35 |[39m       console[33m.[39merror([32m'[CRON] Summarisation job error:'[39m[33m,[39m err[33m.[39mmessage)[33m;[39m
     [90m    |[39m               [31m[1m^[22m[39m
     [90m 36 |[39m     }
     [90m 37 |[39m   })[33m;[39m
     [90m 38 |[39m[0m

      at Task.error [as _execution] (src/jobs/summarizationJob.js:35:15)
      at Task.execute (node_modules/node-cron/src/task.js:17:25)
      at ScheduledTask.now (node_modules/node-cron/src/scheduled-task.js:38:33)
      at Scheduler.<anonymous> (node_modules/node-cron/src/scheduled-task.js:25:18)
      at Timeout.matchTime [as _onTimeout] (node_modules/node-cron/src/scheduler.js:30:26)


  ΓùÅ  Cannot log after tests are done. Did 
you forget to wait for something async in 
your test?
    Attempted to log "[CRON] Running 
summarisation job...".

    [0m [90m 10 |[39m   [90m// Runs at 
every 10th minute[39m
     [90m 11 |[39m   
cron[33m.[39mschedule([32m'*/10 * * * 
*'[39m[33m,[39m [36masync[39m () 
[33m=>[39m {
    [31m[1m>[22m[39m[90m 12 |[39m     
console[33m.[39mlog([32m'[CRON] Running 
summarisation job...'[39m)[33m;[39m
     [90m    |[39m             
[31m[1m^[22m[39m
     [90m 13 |[39m     [36mtry[39m {
     [90m 14 |[39m       [36mconst[39m 
sessions [33m=[39m 
getSessionsNeedingSummary()[33m;[39m
     [90m 15 |[39m       [36mif[39m 
(sessions[33m.[39mlength [33m===[39m 
[35m0[39m) {[0m

      at console.log (node_modules/@jest/conso
le/build/CustomConsole.js:141:10)
      at Task.log [as _execution] 
(src/jobs/summarizationJob.js:12:13)
      at Task.execute 
(node_modules/node-cron/src/task.js:17:25)
      at ScheduledTask.now (node_modules/node-
cron/src/scheduled-task.js:38:33)
      at Scheduler.<anonymous> (node_modules/n
ode-cron/src/scheduled-task.js:25:18)
      at Timeout.matchTime [as _onTimeout] (no
de_modules/node-cron/src/scheduler.js:30:26)

  console.error
    [CRON] Summarisation job error: database is not open

    [0m [90m 33 |[39m       console[33m.[39mlog([32m'[CRON] Summarisation job complete.'[39m)[33m;[39m
     [90m 34 |[39m     } [36mcatch[39m (err) {
    [31m[1m>[22m[39m[90m 35 |[39m       console[33m.[39merror([32m'[CRON] Summarisation job error:'[39m[33m,[39m err[33m.[39mmessage)[33m;[39m
     [90m    |[39m               [31m[1m^[22m[39m
     [90m 36 |[39m     }
     [90m 37 |[39m   })[33m;[39m
     [90m 38 |[39m[0m

      at Task.error [as _execution] (src/jobs/summarizationJob.js:35:15)
      at Task.execute (node_modules/node-cron/src/task.js:17:25)
      at ScheduledTask.now (node_modules/node-cron/src/scheduled-task.js:38:33)
      at Scheduler.<anonymous> (node_modules/node-cron/src/scheduled-task.js:25:18)
      at Timeout.matchTime [as _onTimeout] (node_modules/node-cron/src/scheduler.js:30:26)

